PRE	digital::FallingEdgeNoRetrigger	fby	pre1
PRE	digital::FallingEdgeRetrigger	fby	pre10
PRE	digital::FlipFlopReset	fby	pre4
PRE	digital::FlipFlopSet	fby	pre4
PRE	digital::RisingEdgeRetrigger	fby	pre1
PRE	digital::RisingEdgeNoRetrigger	fby	pre11
PRE	digital::count_down	fby	pre8
PRE	linear::Derivative	fby	pre2
PRE	linear::Filter1stOrderLoop	fby	pre6
PRE	linear::HitCrossingFalling	fby	pre4
PRE	linear::HitCrossingRising	fby	pre4
PRE	linear::DetectRisePositive	fby	pre1
PRE	linear::DetectRiseNonNegative	fby	pre1
PRE	linear::DetectFallNonPositive	fby	pre1
PRE	linear::DetectFallNegative	fby	pre1
PRE	linear::IntegralBackward	fby	pre1
PRE	linear::IntegralTrapezoid	fby	pre1
PRE	pwlinear::ClockCounter	fby	pre4
PRE	pwlinear::FallingHysteresis	fby	pre3
PRE	pwlinear::RisingHysteresis	fby	pre4
PRE	pwlinear::CheckSlope	fby	pre1
PRE	verif::HasNeverBeenTrue	fby	pre4
PRE	verif::AtLeastNTicks	fby	pre5
PROXY	truthtables::TruthTableExh/digital::BoolVect2Int8 3/digital::BoolVect2IntElt 1[]/	truthtables::TruthTableExh/digital::BoolVect2Int8 3/+MTCEx::MTC_Instrumenters::digital_BoolVect2IntElt_MTC_INST 1[]/digital::BoolVect2IntElt 0/
PROXY	digital::BoolVect2Int16/digital::BoolVect2IntElt 1[]/	digital::BoolVect2Int16/+MTCEx::MTC_Instrumenters::digital_BoolVect2IntElt_MTC_INST 1[]/digital::BoolVect2IntElt 0/
PROXY	digital::BoolVect2Uint16/digital::BoolVect2IntElt 1[]/	digital::BoolVect2Uint16/+MTCEx::MTC_Instrumenters::digital_BoolVect2IntElt_MTC_INST 1[]/digital::BoolVect2IntElt 0/
PROXY	digital::BoolVect2Uint32/digital::BoolVect2IntElt 1[]/	digital::BoolVect2Uint32/+MTCEx::MTC_Instrumenters::digital_BoolVect2IntElt_MTC_INST 1[]/digital::BoolVect2IntElt 0/
PROXY	digital::BoolVect2Uint64/digital::BoolVect2IntElt 1[]/	digital::BoolVect2Uint64/+MTCEx::MTC_Instrumenters::digital_BoolVect2IntElt_MTC_INST 1[]/digital::BoolVect2IntElt 0/
PROXY	digital::BoolVect2Uint8/digital::BoolVect2IntElt 1[]/	digital::BoolVect2Uint8/+MTCEx::MTC_Instrumenters::digital_BoolVect2IntElt_MTC_INST 1[]/digital::BoolVect2IntElt 0/
PROXY	digital::BoolVect2Int32/digital::BoolVect2IntElt 1[]/	digital::BoolVect2Int32/+MTCEx::MTC_Instrumenters::digital_BoolVect2IntElt_MTC_INST 1[]/digital::BoolVect2IntElt 0/
PROXY	digital::BoolVect2Int64/digital::BoolVect2IntElt 1[]/	digital::BoolVect2Int64/+MTCEx::MTC_Instrumenters::digital_BoolVect2IntElt_MTC_INST 1[]/digital::BoolVect2IntElt 0/
PROXY	vect::MatVectProd/vect::ScalProd 1[]/	vect::MatVectProd/+MTCEx::MTC_Instrumenters::vect_ScalProd_MTC_INST 1[]/vect::ScalProd 0/
PROXY	vect::MatProd/vect::VectMatProd 1[]/vect::ScalProd 1[]/	vect::MatProd/vect::VectMatProd 1[]/+MTCEx::MTC_Instrumenters::vect_ScalProd_MTC_INST 1[]/vect::ScalProd 0/
PROXY	vect::BuildArray/vect::SumDup 1[]/	vect::BuildArray/+MTCEx::MTC_Instrumenters::vect_SumDup_MTC_INST 1[]/vect::SumDup 0/
PROXY	vect::Selector/vect::SelectorHelper 1[]/	vect::Selector/+MTCEx::MTC_Instrumenters::vect_SelectorHelper_MTC_INST 1[]/vect::SelectorHelper 0/
PROXY	pwlinear::CheckSlope/math::Abs 1/	pwlinear::CheckSlope/+MTCEx::MTC_Instrumenters::math_Abs_MTC_INST 1/math::Abs 0/
PROXY	pwlinear::MaxReset/math::Max 1/	pwlinear::MaxReset/+MTCEx::MTC_Instrumenters::math_Max_MTC_INST 1/math::Max 0/
PROXY	pwlinear::MinReset/math::Min 1/	pwlinear::MinReset/+MTCEx::MTC_Instrumenters::math_Min_MTC_INST 1/math::Min 0/
PROXY	math::Polynomial/math::PolynomialStep 1[]/	math::Polynomial/+MTCEx::MTC_Instrumenters::math_PolynomialStep_MTC_INST 1[]/math::PolynomialStep 0/
PROXY	lut::Lut1DFloor/lut::SearchIdxFloor 1[]/	lut::Lut1DFloor/+MTCEx::MTC_Instrumenters::lut_SearchIdxFloor_MTC_INST 1[]/lut::SearchIdxFloor 0/
PROXY	lut::Lut2DFloor/lut::SearchIdxFloor 6[]/	lut::Lut2DFloor/+MTCEx::MTC_Instrumenters::lut_SearchIdxFloor_MTC_INST 6[]/lut::SearchIdxFloor 0/
PROXY	lut::Lut2DFloor/lut::SearchIdxFloor 8[]/	lut::Lut2DFloor/+MTCEx::MTC_Instrumenters::lut_SearchIdxFloor_MTC_INST 8[]/lut::SearchIdxFloor 0/
PROXY	lut::Lut1DCeil/lut::SearchIdxCeil 1[]/	lut::Lut1DCeil/+MTCEx::MTC_Instrumenters::lut_SearchIdxCeil_MTC_INST 1[]/lut::SearchIdxCeil 0/
PROXY	lut::Lut2DCeil/lut::SearchIdxCeil 8[]/	lut::Lut2DCeil/+MTCEx::MTC_Instrumenters::lut_SearchIdxCeil_MTC_INST 8[]/lut::SearchIdxCeil 0/
PROXY	lut::Lut2DCeil/lut::SearchIdxCeil 10[]/	lut::Lut2DCeil/+MTCEx::MTC_Instrumenters::lut_SearchIdxCeil_MTC_INST 10[]/lut::SearchIdxCeil 0/
PROXY	lut::Lut2D/lut::Lut2DNoSat 1/lut::PreLutNoSat 1/lut::SearchIdx 1[]/	lut::Lut2D/lut::Lut2DNoSat 1/+MTCEx::MTC_Instrumenters::lut_PreLutNoSat_MTC_INST 1/lut::PreLutNoSat 0/+MTCEx::MTC_Instrumenters::lut_SearchIdx_MTC_INST 1[]/lut::SearchIdx 0/
PROXY	lut::Lut2D/lut::Lut2DNoSat 1/lut::PreLutNoSat 2/lut::SearchIdx 1[]/	lut::Lut2D/lut::Lut2DNoSat 1/+MTCEx::MTC_Instrumenters::lut_PreLutNoSat_MTC_INST 2/lut::PreLutNoSat 0/+MTCEx::MTC_Instrumenters::lut_SearchIdx_MTC_INST 1[]/lut::SearchIdx 0/
PROXY	lut::Lut3D/lut::Lut3DNoSat 1/lut::PreLutNoSat 6/lut::SearchIdx 1[]/	lut::Lut3D/lut::Lut3DNoSat 1/+MTCEx::MTC_Instrumenters::lut_PreLutNoSat_MTC_INST 6/lut::PreLutNoSat 0/+MTCEx::MTC_Instrumenters::lut_SearchIdx_MTC_INST 1[]/lut::SearchIdx 0/
PROXY	lut::Lut3D/lut::Lut3DNoSat 1/lut::PreLutNoSat 5/lut::SearchIdx 1[]/	lut::Lut3D/lut::Lut3DNoSat 1/+MTCEx::MTC_Instrumenters::lut_PreLutNoSat_MTC_INST 5/lut::PreLutNoSat 0/+MTCEx::MTC_Instrumenters::lut_SearchIdx_MTC_INST 1[]/lut::SearchIdx 0/
PROXY	lut::Lut3D/lut::Lut3DNoSat 1/lut::PreLutNoSat 4/lut::SearchIdx 1[]/	lut::Lut3D/lut::Lut3DNoSat 1/+MTCEx::MTC_Instrumenters::lut_PreLutNoSat_MTC_INST 4/lut::PreLutNoSat 0/+MTCEx::MTC_Instrumenters::lut_SearchIdx_MTC_INST 1[]/lut::SearchIdx 0/
PROXY	lut::Lut1D/lut::Lut1DNoSat 1/lut::PreLutNoSat 1/lut::SearchIdx 1[]/	lut::Lut1D/lut::Lut1DNoSat 1/+MTCEx::MTC_Instrumenters::lut_PreLutNoSat_MTC_INST 1/lut::PreLutNoSat 0/+MTCEx::MTC_Instrumenters::lut_SearchIdx_MTC_INST 1[]/lut::SearchIdx 0/
PROXY	lut::PreLut/lut::PreLutNoSat 1/lut::SearchIdx 1[]/	lut::PreLut/+MTCEx::MTC_Instrumenters::lut_PreLutNoSat_MTC_INST 1/lut::PreLutNoSat 0/+MTCEx::MTC_Instrumenters::lut_SearchIdx_MTC_INST 1[]/lut::SearchIdx 0/
PROXY	lut::Lut1D/lut::Lut1DNoSat 1/lut::Proj 1/	lut::Lut1D/lut::Lut1DNoSat 1/+MTCEx::MTC_Instrumenters::lut_Proj_MTC_INST 1/lut::Proj 0/
PROXY	lut::Lut2D/lut::Lut2DNoSat 1/lut::PreLutNoSat 1/	lut::Lut2D/lut::Lut2DNoSat 1/+MTCEx::MTC_Instrumenters::lut_PreLutNoSat_MTC_INST 1/lut::PreLutNoSat 0/
PROXY	lut::Lut2D/lut::Lut2DNoSat 1/lut::PreLutNoSat 2/	lut::Lut2D/lut::Lut2DNoSat 1/+MTCEx::MTC_Instrumenters::lut_PreLutNoSat_MTC_INST 2/lut::PreLutNoSat 0/
PROXY	lut::Lut3D/lut::Lut3DNoSat 1/lut::PreLutNoSat 6/	lut::Lut3D/lut::Lut3DNoSat 1/+MTCEx::MTC_Instrumenters::lut_PreLutNoSat_MTC_INST 6/lut::PreLutNoSat 0/
PROXY	lut::Lut3D/lut::Lut3DNoSat 1/lut::PreLutNoSat 5/	lut::Lut3D/lut::Lut3DNoSat 1/+MTCEx::MTC_Instrumenters::lut_PreLutNoSat_MTC_INST 5/lut::PreLutNoSat 0/
PROXY	lut::Lut3D/lut::Lut3DNoSat 1/lut::PreLutNoSat 4/	lut::Lut3D/lut::Lut3DNoSat 1/+MTCEx::MTC_Instrumenters::lut_PreLutNoSat_MTC_INST 4/lut::PreLutNoSat 0/
PROXY	lut::Lut1D/lut::Lut1DNoSat 1/lut::PreLutNoSat 1/	lut::Lut1D/lut::Lut1DNoSat 1/+MTCEx::MTC_Instrumenters::lut_PreLutNoSat_MTC_INST 1/lut::PreLutNoSat 0/
PROXY	lut::PreLut/lut::PreLutNoSat 1/	lut::PreLut/+MTCEx::MTC_Instrumenters::lut_PreLutNoSat_MTC_INST 1/lut::PreLutNoSat 0/
PROXY	lut::Lut2D/lut::Lut2DNoSat 1/lut::InterpolateLinear 3/	lut::Lut2D/lut::Lut2DNoSat 1/+MTCEx::MTC_Instrumenters::lut_InterpolateLinear_MTC_INST 3/lut::InterpolateLinear 0/
PROXY	lut::Lut2D/lut::Lut2DNoSat 1/lut::InterpolateLinear 1/	lut::Lut2D/lut::Lut2DNoSat 1/+MTCEx::MTC_Instrumenters::lut_InterpolateLinear_MTC_INST 1/lut::InterpolateLinear 0/
PROXY	lut::Lut2D/lut::Lut2DNoSat 1/lut::InterpolateLinear 2/	lut::Lut2D/lut::Lut2DNoSat 1/+MTCEx::MTC_Instrumenters::lut_InterpolateLinear_MTC_INST 2/lut::InterpolateLinear 0/
PROXY	lut::Lut3D/lut::Lut3DNoSat 1/lut::InterpolateLinear 14/	lut::Lut3D/lut::Lut3DNoSat 1/+MTCEx::MTC_Instrumenters::lut_InterpolateLinear_MTC_INST 14/lut::InterpolateLinear 0/
PROXY	lut::Lut3D/lut::Lut3DNoSat 1/lut::InterpolateLinear 13/	lut::Lut3D/lut::Lut3DNoSat 1/+MTCEx::MTC_Instrumenters::lut_InterpolateLinear_MTC_INST 13/lut::InterpolateLinear 0/
PROXY	lut::Lut3D/lut::Lut3DNoSat 1/lut::InterpolateLinear 12/	lut::Lut3D/lut::Lut3DNoSat 1/+MTCEx::MTC_Instrumenters::lut_InterpolateLinear_MTC_INST 12/lut::InterpolateLinear 0/
PROXY	lut::Lut3D/lut::Lut3DNoSat 1/lut::InterpolateLinear 11/	lut::Lut3D/lut::Lut3DNoSat 1/+MTCEx::MTC_Instrumenters::lut_InterpolateLinear_MTC_INST 11/lut::InterpolateLinear 0/
PROXY	lut::Lut3D/lut::Lut3DNoSat 1/lut::InterpolateLinear 10/	lut::Lut3D/lut::Lut3DNoSat 1/+MTCEx::MTC_Instrumenters::lut_InterpolateLinear_MTC_INST 10/lut::InterpolateLinear 0/
PROXY	lut::Lut3D/lut::Lut3DNoSat 1/lut::InterpolateLinear 9/	lut::Lut3D/lut::Lut3DNoSat 1/+MTCEx::MTC_Instrumenters::lut_InterpolateLinear_MTC_INST 9/lut::InterpolateLinear 0/
PROXY	lut::Lut3D/lut::Lut3DNoSat 1/lut::InterpolateLinear 8/	lut::Lut3D/lut::Lut3DNoSat 1/+MTCEx::MTC_Instrumenters::lut_InterpolateLinear_MTC_INST 8/lut::InterpolateLinear 0/
PROXY	lut::Lut1D/lut::Lut1DNoSat 1/lut::InterpolateLinear 1/	lut::Lut1D/lut::Lut1DNoSat 1/+MTCEx::MTC_Instrumenters::lut_InterpolateLinear_MTC_INST 1/lut::InterpolateLinear 0/
PROXY	verif::AlwaysAfterFirstCond/verif::HasNeverBeenTrue 1/	verif::AlwaysAfterFirstCond/+MTCEx::MTC_Instrumenters::verif_HasNeverBeenTrue_MTC_INST 1/verif::HasNeverBeenTrue 0/
PROXY	verif::ImpliesWithinNTick/verif::Implies 1/	verif::ImpliesWithinNTick/+MTCEx::MTC_Instrumenters::verif_Implies_MTC_INST 1/verif::Implies 0/
